ssd1306.c:7:6:ssd1306_Reset	0	static
ssd1306.c:12:6:ssd1306_WriteCommand	32	static
ssd1306.c:17:6:ssd1306_WriteData	24	static
ssd1306.c:165:6:ssd1306_Fill	0	static
ssd1306.c:175:6:ssd1306_UpdateScreen	16	static
ssd1306.c:62:6:ssd1306_Init	8	static
ssd1306.c:194:6:ssd1306_DrawPixel	12	static
ssd1306.c:217:6:ssd1306_WriteChar	64	static
ssd1306.c:252:6:ssd1306_WriteString	32	static
ssd1306.c:269:6:ssd1306_SetCursor	0	static
ssd1306.c:275:6:ssd1306_Line	56	static
ssd1306.c:311:6:ssd1306_Polyline	32	static
ssd1306.c:346:6:ssd1306_DrawArc	80	static
ssd1306.c:383:6:ssd1306_DrawCircle	48	static
ssd1306.c:428:6:ssd1306_DrawRectangle	32	static
ssd1306.c:437:6:ssd1306_Print	48	static
