ftoa.h:47:8:ftoa	48	static
ssd1306.c:9:6:ssd1306_Reset	0	static
ssd1306.c:14:6:ssd1306_WriteCommand	32	static
ssd1306.c:19:6:ssd1306_WriteData	24	static
ssd1306.c:167:6:ssd1306_Fill	0	static
ssd1306.c:177:6:ssd1306_UpdateScreen	16	static
ssd1306.c:64:6:ssd1306_Init	8	static
ssd1306.c:196:6:ssd1306_DrawPixel	12	static
ssd1306.c:219:6:ssd1306_WriteChar	64	static
ssd1306.c:254:6:ssd1306_WriteString	32	static
ssd1306.c:271:6:ssd1306_SetCursor	0	static
ssd1306.c:277:6:ssd1306_Line	56	static
ssd1306.c:313:6:ssd1306_Polyline	32	static
ssd1306.c:348:6:ssd1306_DrawArc	80	static
ssd1306.c:385:6:ssd1306_DrawCircle	48	static
ssd1306.c:430:6:ssd1306_DrawRectangle	32	static
ssd1306.c:439:6:ssd1306_Print	160	static
ssd1306.c:540:6:ssd1306_Print_No_Signal	32	static
ssd1306.c:580:6:ssd1306_Print_initial_screen	16	static
