SX1278.c:23:28:SX1278_hw_SetNSS	0	static
SX1278.c:18:28:SX1278_hw_init	8	static
SX1278.c:39:28:SX1278_hw_SPICommand	24	static
SX1278.c:99:6:SX1278_SPIBurstWrite.part.1	24	static
SX1278.c:46:31:SX1278_hw_SPIReadByte	32	static
SX1278.c:57:28:SX1278_hw_DelayMs	0	static
SX1278.c:28:28:SX1278_hw_Reset	8	static
SX1278.c:61:12:SX1278_hw_GetDIO0	8	static
SX1278.c:69:9:SX1278_SPIRead	16	static
SX1278.c:77:6:SX1278_SPIWrite	16	static
SX1278.c:84:6:SX1278_SPIBurstRead	24	static
SX1278.c:99:6:SX1278_SPIBurstWrite	0	static
SX1278.c:177:6:SX1278_standby	8	static
SX1278.c:182:6:SX1278_sleep	8	static
SX1278.c:187:6:SX1278_entryLoRa	0	static
SX1278.c:119:6:SX1278_config	24	static
SX1278.c:114:6:SX1278_defaultConfig	32	static
SX1278.c:191:6:SX1278_clearLoRaIrq	0	static
SX1278.c:195:5:SX1278_LoRaEntryRx	16	static
SX1278.c:227:9:SX1278_LoRaRxPacket	16	static
SX1278.c:251:5:SX1278_LoRaEntryTx	16	static
SX1278.c:282:5:SX1278_LoRaTxPacket	16	static
SX1278.c:303:6:SX1278_begin	32	static
SX1278.c:314:5:SX1278_transmit	24	static
SX1278.c:322:5:SX1278_receive	0	static
SX1278.c:326:9:SX1278_available	0	static
SX1278.c:330:9:SX1278_read	16	static
SX1278.c:339:9:SX1278_RSSI_LoRa	8	static
SX1278.c:346:9:SX1278_RSSI	8	static
